// Jest Snapshot v1, https://goo.gl/fbAQLP

exports[`elaboration 1`] = `"TODO"`;

exports[`explanation 1`] = `"Missing value in return statement"`;
