// Jest Snapshot v1, https://goo.gl/fbAQLP

exports[`elaboration 1`] = `
"Split the variable declaration into multiple lines as follows

	var x = 2;
	var y = 3;
"
`;

exports[`explanation 1`] = `"Multiple declaration in a single statement"`;
